#-----------------------------------------------------------
# Vivado v2025.2 (64-bit)
# SW Build 6299465 on Fri Nov 14 12:34:56 MST 2025
# IP Build 6300035 on Fri Nov 14 10:48:45 MST 2025
# SharedData Build 6298862 on Thu Nov 13 04:50:51 MST 2025
# Start of session at: Thu Feb 26 04:29:26 2026
# Process ID         : 1062632
# Current directory  : /home/xlang/EAS-SNN/fpga/vivado/eas_snn_hapq/eas_snn_hapq.runs/synth_1
# Command line       : vivado -log snn_top.vds -product Vivado -mode batch -messageDb vivado.pb -notrace -source snn_top.tcl
# Log file           : /home/xlang/EAS-SNN/fpga/vivado/eas_snn_hapq/eas_snn_hapq.runs/synth_1/snn_top.vds
# Journal file       : /home/xlang/EAS-SNN/fpga/vivado/eas_snn_hapq/eas_snn_hapq.runs/synth_1/vivado.jou
# Running On         : xlang
# Platform           : Ubuntu
# Operating System   : Ubuntu 24.04.3 LTS
# Processor Detail   : Intel(R) Core(TM) i7-14700KF
# CPU Frequency      : 5442.615 MHz
# CPU Physical cores : 20
# CPU Logical cores  : 28
# Host memory        : 67192 MB
# Swap memory        : 8589 MB
# Total Virtual      : 75782 MB
# Available Virtual  : 53259 MB
#-----------------------------------------------------------
source snn_top.tcl -notrace
